Added Component: Designator=C30(CAPC1608X90X35ML10T15)
Add component (AddParameter): Name = "ComponentLink1Description"; Value = "Manufacturer URL"; VariantName = "[No Variations]"
Add component (AddParameter): Name = "ComponentLink1URL"; Value = "http://www.murata.com/"; VariantName = "[No Variations]"
Add component (AddParameter): Name = "ComponentLink2Description"; Value = "Datasheet"; VariantName = "[No Variations]"
Add component (AddParameter): Name = "ComponentLink2URL"; Value = "http://psearch.en.murata.com/capacitor/product/GCM188R71H104KA57%23.pdf"; VariantName = "[No Variations]"
Add component (AddParameter): Name = "DatasheetVersion"; Value = "07/2016"; VariantName = "[No Variations]"
Add component (AddParameter): Name = "Height"; Value = "0.8 mm"; VariantName = "[No Variations]"
Add component (AddParameter): Name = "Length"; Value = "1.6 mm"; VariantName = "[No Variations]"
Add component (AddParameter): Name = "Manufacturer"; Value = "Murata"; VariantName = "[No Variations]"
Add component (AddParameter): Name = "Max Operating Temperature"; Value = "125 degC"; VariantName = "[No Variations]"
Add component (AddParameter): Name = "Min Operating Temperature"; Value = "-55 degC"; VariantName = "[No Variations]"
Add component (AddParameter): Name = "Mount"; Value = "Surface Mount"; VariantName = "[No Variations]"
Add component (AddParameter): Name = "Mounting Technology"; Value = "Surface Mount"; VariantName = "[No Variations]"
Add component (AddParameter): Name = "Package Quantity"; Value = "4000"; VariantName = "[No Variations]"
Add component (AddParameter): Name = "PackageDescription"; Value = "2-Pin Surface Mount Device, Body 1.6 x 0.8 mm"; VariantName = "[No Variations]"
Add component (AddParameter): Name = "PackageReference"; Value = "0603"; VariantName = "[No Variations]"
Add component (AddParameter): Name = "Packaging"; Value = "Tape and Reel"; VariantName = "[No Variations]"
Add component (AddParameter): Name = "REACH SVHC"; Value = "No SVHC"; VariantName = "[No Variations]"
Add component (AddParameter): Name = "RoHSCompliant"; Value = "true"; VariantName = "[No Variations]"
Add component (AddParameter): Name = "Voltage Rating"; Value = "50 V"; VariantName = "[No Variations]"
Added Component: Designator=C31(CAPC1608X90X35ML10T15)
Add component (AddParameter): Name = "ComponentLink1Description"; Value = "Manufacturer URL"; VariantName = "[No Variations]"
Add component (AddParameter): Name = "ComponentLink1URL"; Value = "http://www.murata.com/"; VariantName = "[No Variations]"
Add component (AddParameter): Name = "ComponentLink2Description"; Value = "Datasheet"; VariantName = "[No Variations]"
Add component (AddParameter): Name = "ComponentLink2URL"; Value = "http://psearch.en.murata.com/capacitor/product/GCM188R71H104KA57%23.pdf"; VariantName = "[No Variations]"
Add component (AddParameter): Name = "DatasheetVersion"; Value = "07/2016"; VariantName = "[No Variations]"
Add component (AddParameter): Name = "Height"; Value = "0.8 mm"; VariantName = "[No Variations]"
Add component (AddParameter): Name = "Length"; Value = "1.6 mm"; VariantName = "[No Variations]"
Add component (AddParameter): Name = "Manufacturer"; Value = "Murata"; VariantName = "[No Variations]"
Add component (AddParameter): Name = "Max Operating Temperature"; Value = "125 degC"; VariantName = "[No Variations]"
Add component (AddParameter): Name = "Min Operating Temperature"; Value = "-55 degC"; VariantName = "[No Variations]"
Add component (AddParameter): Name = "Mount"; Value = "Surface Mount"; VariantName = "[No Variations]"
Add component (AddParameter): Name = "Mounting Technology"; Value = "Surface Mount"; VariantName = "[No Variations]"
Add component (AddParameter): Name = "Package Quantity"; Value = "4000"; VariantName = "[No Variations]"
Add component (AddParameter): Name = "PackageDescription"; Value = "2-Pin Surface Mount Device, Body 1.6 x 0.8 mm"; VariantName = "[No Variations]"
Add component (AddParameter): Name = "PackageReference"; Value = "0603"; VariantName = "[No Variations]"
Add component (AddParameter): Name = "Packaging"; Value = "Tape and Reel"; VariantName = "[No Variations]"
Add component (AddParameter): Name = "REACH SVHC"; Value = "No SVHC"; VariantName = "[No Variations]"
Add component (AddParameter): Name = "RoHSCompliant"; Value = "true"; VariantName = "[No Variations]"
Add component (AddParameter): Name = "Voltage Rating"; Value = "50 V"; VariantName = "[No Variations]"
Added Component: Designator=C32(FP-GRT188-0_1-e0_2_0_5-IPC_C)
Added Component: Designator=C33(FP-GRT188-0_1-e0_2_0_5-IPC_C)
Added Component: Designator=C34(CAPC1608X90X35ML10T15)
Add component (AddParameter): Name = "ComponentLink1Description"; Value = "Manufacturer URL"; VariantName = "[No Variations]"
Add component (AddParameter): Name = "ComponentLink1URL"; Value = "http://www.murata.com/"; VariantName = "[No Variations]"
Add component (AddParameter): Name = "ComponentLink2Description"; Value = "Datasheet"; VariantName = "[No Variations]"
Add component (AddParameter): Name = "ComponentLink2URL"; Value = "http://psearch.en.murata.com/capacitor/product/GCM188R71H104KA57%23.pdf"; VariantName = "[No Variations]"
Add component (AddParameter): Name = "DatasheetVersion"; Value = "07/2016"; VariantName = "[No Variations]"
Add component (AddParameter): Name = "Height"; Value = "0.8 mm"; VariantName = "[No Variations]"
Add component (AddParameter): Name = "Length"; Value = "1.6 mm"; VariantName = "[No Variations]"
Add component (AddParameter): Name = "Manufacturer"; Value = "Murata"; VariantName = "[No Variations]"
Add component (AddParameter): Name = "Max Operating Temperature"; Value = "125 degC"; VariantName = "[No Variations]"
Add component (AddParameter): Name = "Min Operating Temperature"; Value = "-55 degC"; VariantName = "[No Variations]"
Add component (AddParameter): Name = "Mount"; Value = "Surface Mount"; VariantName = "[No Variations]"
Add component (AddParameter): Name = "Mounting Technology"; Value = "Surface Mount"; VariantName = "[No Variations]"
Add component (AddParameter): Name = "Package Quantity"; Value = "4000"; VariantName = "[No Variations]"
Add component (AddParameter): Name = "PackageDescription"; Value = "2-Pin Surface Mount Device, Body 1.6 x 0.8 mm"; VariantName = "[No Variations]"
Add component (AddParameter): Name = "PackageReference"; Value = "0603"; VariantName = "[No Variations]"
Add component (AddParameter): Name = "Packaging"; Value = "Tape and Reel"; VariantName = "[No Variations]"
Add component (AddParameter): Name = "REACH SVHC"; Value = "No SVHC"; VariantName = "[No Variations]"
Add component (AddParameter): Name = "RoHSCompliant"; Value = "true"; VariantName = "[No Variations]"
Add component (AddParameter): Name = "Voltage Rating"; Value = "50 V"; VariantName = "[No Variations]"
Added Component: Designator=C35(FP-GRM21B-0_15-IPC_A)
Add component (AddParameter): Name = "Capacitance"; Value = "10uF"; VariantName = "[No Variations]"
Add component (AddParameter): Name = "Case Code (Imperial)"; Value = "0805"; VariantName = "[No Variations]"
Add component (AddParameter): Name = "Case Code (Metric)"; Value = "2012"; VariantName = "[No Variations]"
Add component (AddParameter): Name = "Case/Package"; Value = "0805"; VariantName = "[No Variations]"
Add component (AddParameter): Name = "Depth"; Value = "1.25mm"; VariantName = "[No Variations]"
Add component (AddParameter): Name = "Dielectric"; Value = "X5R"; VariantName = "[No Variations]"
Add component (AddParameter): Name = "Height"; Value = "1.25mm"; VariantName = "[No Variations]"
Add component (AddParameter): Name = "Lead Free"; Value = "Lead Free"; VariantName = "[No Variations]"
Add component (AddParameter): Name = "Length"; Value = "2mm"; VariantName = "[No Variations]"
Add component (AddParameter): Name = "Max Operating Temperature"; Value = "85°C"; VariantName = "[No Variations]"
Add component (AddParameter): Name = "Min Operating Temperature"; Value = "-55°C"; VariantName = "[No Variations]"
Add component (AddParameter): Name = "Mount"; Value = "Surface Mount"; VariantName = "[No Variations]"
Add component (AddParameter): Name = "Package Quantity"; Value = "3000"; VariantName = "[No Variations]"
Add component (AddParameter): Name = "Packaging"; Value = "Tape and Reel"; VariantName = "[No Variations]"
Add component (AddParameter): Name = "REACH SVHC"; Value = "No SVHC"; VariantName = "[No Variations]"
Add component (AddParameter): Name = "Resistor Type"; Value = "Ceramic"; VariantName = "[No Variations]"
Add component (AddParameter): Name = "Termination"; Value = "SMD/SMT"; VariantName = "[No Variations]"
Add component (AddParameter): Name = "Thickness"; Value = "0.055inch"; VariantName = "[No Variations]"
Add component (AddParameter): Name = "Tolerance"; Value = "20%"; VariantName = "[No Variations]"
Add component (AddParameter): Name = "Voltage Rating"; Value = "25V"; VariantName = "[No Variations]"
Add component (AddParameter): Name = "Voltage Rating (DC)"; Value = "25V"; VariantName = "[No Variations]"
Add component (AddParameter): Name = "Weight"; Value = "0.000335oz"; VariantName = "[No Variations]"
Add component (AddParameter): Name = "Width"; Value = "0.049inch"; VariantName = "[No Variations]"
Added Component: Designator=D1(NXP-SOT23-3_V)
Add component (AddParameter): Name = "Cd (pF)"; Value = "10"; VariantName = "[No Variations]"
Add component (AddParameter): Name = "ComponentLink1Description"; Value = "Manufacturer URL"; VariantName = "[No Variations]"
Add component (AddParameter): Name = "ComponentLink1URL"; Value = "http://www.nxp.com/"; VariantName = "[No Variations]"
Add component (AddParameter): Name = "ComponentLink2Description"; Value = "Datasheet"; VariantName = "[No Variations]"
Add component (AddParameter): Name = "ComponentLink2URL"; Value = "http://www.nxp.com/documents/data_sheet/BAT54_SER.pdf"; VariantName = "[No Variations]"
Add component (AddParameter): Name = "DatasheetVersion"; Value = "Rev. 5"; VariantName = "[No Variations]"
Add component (AddParameter): Name = "IR (uA)"; Value = "2"; VariantName = "[No Variations]"
Add component (AddParameter): Name = "Manufacturer"; Value = "NXP Semiconductors"; VariantName = "[No Variations]"
Add component (AddParameter): Name = "Mounting Technology"; Value = "Surface Mount"; VariantName = "[No Variations]"
Add component (AddParameter): Name = "PackageDescription"; Value = "3-Pin Plastic Surface-mounted Package, Body 1.3 x 2.9 mm, Pitch 0.95 mm"; VariantName = "[No Variations]"
Add component (AddParameter): Name = "PackageReference"; Value = "SOT23-3"; VariantName = "[No Variations]"
Add component (AddParameter): Name = "Packing"; Value = "Tape and Reel"; VariantName = "[No Variations]"
Add component (AddParameter): Name = "PartNumber"; Value = "BAT54A"; VariantName = "[No Variations]"
Add component (AddParameter): Name = "RoHS"; Value = "TRUE"; VariantName = "[No Variations]"
Add component (AddParameter): Name = "Rth(j-a) (K/W)"; Value = "500"; VariantName = "[No Variations]"
Add component (AddParameter): Name = "Temperature Range"; Value = "-55 to 150 degC"; VariantName = "[No Variations]"
Add component (AddParameter): Name = "Trr (ns)"; Value = "5"; VariantName = "[No Variations]"
Add component (AddParameter): Name = "VF (mV)"; Value = "800"; VariantName = "[No Variations]"
Add component (AddParameter): Name = "VR (V)"; Value = "30"; VariantName = "[No Variations]"
Added Component: Designator=D2(NXP-SOT23-3_V)
Add component (AddParameter): Name = "Cd (pF)"; Value = "10"; VariantName = "[No Variations]"
Add component (AddParameter): Name = "ComponentLink1Description"; Value = "Manufacturer URL"; VariantName = "[No Variations]"
Add component (AddParameter): Name = "ComponentLink1URL"; Value = "http://www.nxp.com/"; VariantName = "[No Variations]"
Add component (AddParameter): Name = "ComponentLink2Description"; Value = "Datasheet"; VariantName = "[No Variations]"
Add component (AddParameter): Name = "ComponentLink2URL"; Value = "http://www.nxp.com/documents/data_sheet/BAT54_SER.pdf"; VariantName = "[No Variations]"
Add component (AddParameter): Name = "DatasheetVersion"; Value = "Rev. 5"; VariantName = "[No Variations]"
Add component (AddParameter): Name = "IR (uA)"; Value = "2"; VariantName = "[No Variations]"
Add component (AddParameter): Name = "Manufacturer"; Value = "NXP Semiconductors"; VariantName = "[No Variations]"
Add component (AddParameter): Name = "Mounting Technology"; Value = "Surface Mount"; VariantName = "[No Variations]"
Add component (AddParameter): Name = "PackageDescription"; Value = "3-Pin Plastic Surface-mounted Package, Body 1.3 x 2.9 mm, Pitch 0.95 mm"; VariantName = "[No Variations]"
Add component (AddParameter): Name = "PackageReference"; Value = "SOT23-3"; VariantName = "[No Variations]"
Add component (AddParameter): Name = "Packing"; Value = "Tape and Reel"; VariantName = "[No Variations]"
Add component (AddParameter): Name = "PartNumber"; Value = "BAT54A"; VariantName = "[No Variations]"
Add component (AddParameter): Name = "RoHS"; Value = "TRUE"; VariantName = "[No Variations]"
Add component (AddParameter): Name = "Rth(j-a) (K/W)"; Value = "500"; VariantName = "[No Variations]"
Add component (AddParameter): Name = "Temperature Range"; Value = "-55 to 150 degC"; VariantName = "[No Variations]"
Add component (AddParameter): Name = "Trr (ns)"; Value = "5"; VariantName = "[No Variations]"
Add component (AddParameter): Name = "VF (mV)"; Value = "800"; VariantName = "[No Variations]"
Add component (AddParameter): Name = "VR (V)"; Value = "30"; VariantName = "[No Variations]"
Added Component: Designator=D3(NXP-SOT23-3_V)
Add component (AddParameter): Name = "Cd (pF)"; Value = "10"; VariantName = "[No Variations]"
Add component (AddParameter): Name = "ComponentLink1Description"; Value = "Manufacturer URL"; VariantName = "[No Variations]"
Add component (AddParameter): Name = "ComponentLink1URL"; Value = "http://www.nxp.com/"; VariantName = "[No Variations]"
Add component (AddParameter): Name = "ComponentLink2Description"; Value = "Datasheet"; VariantName = "[No Variations]"
Add component (AddParameter): Name = "ComponentLink2URL"; Value = "http://www.nxp.com/documents/data_sheet/BAT54_SER.pdf"; VariantName = "[No Variations]"
Add component (AddParameter): Name = "DatasheetVersion"; Value = "Rev. 5"; VariantName = "[No Variations]"
Add component (AddParameter): Name = "IR (uA)"; Value = "2"; VariantName = "[No Variations]"
Add component (AddParameter): Name = "Manufacturer"; Value = "NXP Semiconductors"; VariantName = "[No Variations]"
Add component (AddParameter): Name = "Mounting Technology"; Value = "Surface Mount"; VariantName = "[No Variations]"
Add component (AddParameter): Name = "PackageDescription"; Value = "3-Pin Plastic Surface-mounted Package, Body 1.3 x 2.9 mm, Pitch 0.95 mm"; VariantName = "[No Variations]"
Add component (AddParameter): Name = "PackageReference"; Value = "SOT23-3"; VariantName = "[No Variations]"
Add component (AddParameter): Name = "Packing"; Value = "Tape and Reel"; VariantName = "[No Variations]"
Add component (AddParameter): Name = "PartNumber"; Value = "BAT54A"; VariantName = "[No Variations]"
Add component (AddParameter): Name = "RoHS"; Value = "TRUE"; VariantName = "[No Variations]"
Add component (AddParameter): Name = "Rth(j-a) (K/W)"; Value = "500"; VariantName = "[No Variations]"
Add component (AddParameter): Name = "Temperature Range"; Value = "-55 to 150 degC"; VariantName = "[No Variations]"
Add component (AddParameter): Name = "Trr (ns)"; Value = "5"; VariantName = "[No Variations]"
Add component (AddParameter): Name = "VF (mV)"; Value = "800"; VariantName = "[No Variations]"
Add component (AddParameter): Name = "VR (V)"; Value = "30"; VariantName = "[No Variations]"
Added Component: Designator=J5(FP-SM14B-GHS-TB_LF_SN-MFG)
Add component (AddParameter): Name = "Color"; Value = "Natural"; VariantName = "[No Variations]"
Add component (AddParameter): Name = "Connector Type"; Value = "Header"; VariantName = "[No Variations]"
Add component (AddParameter): Name = "Contact Finish - Mating"; Value = "TIN"; VariantName = "[No Variations]"
Add component (AddParameter): Name = "Contact Material"; Value = "Bronze"; VariantName = "[No Variations]"
Add component (AddParameter): Name = "Contact Plating"; Value = "Tin"; VariantName = "[No Variations]"
Add component (AddParameter): Name = "Contact Shape"; Value = "Rectangular"; VariantName = "[No Variations]"
Add component (AddParameter): Name = "Contact Type"; Value = "Outer Shroud Contact"; VariantName = "[No Variations]"
Add component (AddParameter): Name = "Current Rating"; Value = "1A"; VariantName = "[No Variations]"
Add component (AddParameter): Name = "Fastening Type"; Value = "Ramp"; VariantName = "[No Variations]"
Add component (AddParameter): Name = "Flammability Rating"; Value = "UL94 V-0"; VariantName = "[No Variations]"
Add component (AddParameter): Name = "Gender"; Value = "Male"; VariantName = "[No Variations]"
Add component (AddParameter): Name = "Housing Color"; Value = "Natural"; VariantName = "[No Variations]"
Add component (AddParameter): Name = "Housing Material"; Value = "Nylon"; VariantName = "[No Variations]"
Add component (AddParameter): Name = "Insulation Color"; Value = "Natural"; VariantName = "[No Variations]"
Add component (AddParameter): Name = "Insulation Material"; Value = "Nylon"; VariantName = "[No Variations]"
Add component (AddParameter): Name = "Lead Free"; Value = "Lead Free"; VariantName = "[No Variations]"
Add component (AddParameter): Name = "Max Operating Temperature"; Value = "85°C"; VariantName = "[No Variations]"
Add component (AddParameter): Name = "Min Operating Temperature"; Value = "-25°C"; VariantName = "[No Variations]"
Add component (AddParameter): Name = "Mount"; Value = "Surface Mount"; VariantName = "[No Variations]"
Add component (AddParameter): Name = "Number of Contacts"; Value = "14"; VariantName = "[No Variations]"
Add component (AddParameter): Name = "Number of Positions"; Value = "14"; VariantName = "[No Variations]"
Add component (AddParameter): Name = "Number of Rows"; Value = "1"; VariantName = "[No Variations]"
Add component (AddParameter): Name = "Package Quantity"; Value = "2500"; VariantName = "[No Variations]"
Add component (AddParameter): Name = "Packaging"; Value = "Cut Tape"; VariantName = "[No Variations]"
Add component (AddParameter): Name = "Pitch"; Value = "1.25mm"; VariantName = "[No Variations]"
Add component (AddParameter): Name = "Reach SVHC Compliant"; Value = "Yes"; VariantName = "[No Variations]"
Add component (AddParameter): Name = "Series"; Value = "GH"; VariantName = "[No Variations]"
Add component (AddParameter): Name = "Termination"; Value = "Solder"; VariantName = "[No Variations]"
Add component (AddParameter): Name = "Voltage Rating"; Value = "50V"; VariantName = "[No Variations]"
Add component (AddParameter): Name = "Voltage Rating (AC)"; Value = "50V"; VariantName = "[No Variations]"
Add component (AddParameter): Name = "Wire/Cable Gauge"; Value = "26AWG"; VariantName = "[No Variations]"
Added Component: Designator=R41(FP-AC0603-IPC_A)
Added Component: Designator=R42(FP-AT0603-IPC_B)
Added Component: Designator=R43(FP-AC0603-IPC_A)
Added Component: Designator=R44(FP-AC0603-IPC_A)
Added Component: Designator=R45(FP-AC0603-IPC_A)
Added Component: Designator=R46(FP-AC0603-IPC_A)
Added Component: Designator=R47(FP-AC0603-IPC_A)
Added Component: Designator=S1(KP0115ANBKG03RGBP3SJB)
Add component (AddParameter): Name = "Arrow Part Number"; Value = ""; VariantName = "[No Variations]"
Add component (AddParameter): Name = "Arrow Price/Stock"; Value = ""; VariantName = "[No Variations]"
Add component (AddParameter): Name = "Datasheet Link"; Value = "https://www.nkkswitches.com/wp-content/themes/impress-blank/search/inc/parts.php?part_no=KP0115ANBKG03RGBP-3FJB"; VariantName = "[No Variations]"
Add component (AddParameter): Name = "Height"; Value = "23mm"; VariantName = "[No Variations]"
Add component (AddParameter): Name = "Manufacturer_Name"; Value = "NKK Switches"; VariantName = "[No Variations]"
Add component (AddParameter): Name = "Manufacturer_Part_Number"; Value = "KP0115ANBKG03RGBP-3SJB"; VariantName = "[No Variations]"
Add component (AddParameter): Name = "Mouser Part Number"; Value = "633-5ANBKG03RGBP3SJB"; VariantName = "[No Variations]"
Add component (AddParameter): Name = "Mouser Price/Stock"; Value = "https://www.mouser.co.uk/ProductDetail/NKK-Switches/KP0115ANBKG03RGBP-3SJB?qs=u16ybLDytRbS46rqp2jE%2Fg%3D%3D"; VariantName = "[No Variations]"
Added Component: Designator=S2(KP0115ANBKG03RGBP3SJB)
Add component (AddParameter): Name = "Arrow Part Number"; Value = ""; VariantName = "[No Variations]"
Add component (AddParameter): Name = "Arrow Price/Stock"; Value = ""; VariantName = "[No Variations]"
Add component (AddParameter): Name = "Datasheet Link"; Value = "https://www.nkkswitches.com/wp-content/themes/impress-blank/search/inc/parts.php?part_no=KP0115ANBKG03RGBP-3FJB"; VariantName = "[No Variations]"
Add component (AddParameter): Name = "Height"; Value = "23mm"; VariantName = "[No Variations]"
Add component (AddParameter): Name = "Manufacturer_Name"; Value = "NKK Switches"; VariantName = "[No Variations]"
Add component (AddParameter): Name = "Manufacturer_Part_Number"; Value = "KP0115ANBKG03RGBP-3SJB"; VariantName = "[No Variations]"
Add component (AddParameter): Name = "Mouser Part Number"; Value = "633-5ANBKG03RGBP3SJB"; VariantName = "[No Variations]"
Add component (AddParameter): Name = "Mouser Price/Stock"; Value = "https://www.mouser.co.uk/ProductDetail/NKK-Switches/KP0115ANBKG03RGBP-3SJB?qs=u16ybLDytRbS46rqp2jE%2Fg%3D%3D"; VariantName = "[No Variations]"
Added Component: Designator=S3(KP0115ANBKG03RGBP3SJB)
Add component (AddParameter): Name = "Arrow Part Number"; Value = ""; VariantName = "[No Variations]"
Add component (AddParameter): Name = "Arrow Price/Stock"; Value = ""; VariantName = "[No Variations]"
Add component (AddParameter): Name = "Datasheet Link"; Value = "https://www.nkkswitches.com/wp-content/themes/impress-blank/search/inc/parts.php?part_no=KP0115ANBKG03RGBP-3FJB"; VariantName = "[No Variations]"
Add component (AddParameter): Name = "Height"; Value = "23mm"; VariantName = "[No Variations]"
Add component (AddParameter): Name = "Manufacturer_Name"; Value = "NKK Switches"; VariantName = "[No Variations]"
Add component (AddParameter): Name = "Manufacturer_Part_Number"; Value = "KP0115ANBKG03RGBP-3SJB"; VariantName = "[No Variations]"
Add component (AddParameter): Name = "Mouser Part Number"; Value = "633-5ANBKG03RGBP3SJB"; VariantName = "[No Variations]"
Add component (AddParameter): Name = "Mouser Price/Stock"; Value = "https://www.mouser.co.uk/ProductDetail/NKK-Switches/KP0115ANBKG03RGBP-3SJB?qs=u16ybLDytRbS46rqp2jE%2Fg%3D%3D"; VariantName = "[No Variations]"
Added Component: Designator=S4(KP0115ANBKG03RGBP3SJB)
Add component (AddParameter): Name = "Arrow Part Number"; Value = ""; VariantName = "[No Variations]"
Add component (AddParameter): Name = "Arrow Price/Stock"; Value = ""; VariantName = "[No Variations]"
Add component (AddParameter): Name = "Datasheet Link"; Value = "https://www.nkkswitches.com/wp-content/themes/impress-blank/search/inc/parts.php?part_no=KP0115ANBKG03RGBP-3FJB"; VariantName = "[No Variations]"
Add component (AddParameter): Name = "Height"; Value = "23mm"; VariantName = "[No Variations]"
Add component (AddParameter): Name = "Manufacturer_Name"; Value = "NKK Switches"; VariantName = "[No Variations]"
Add component (AddParameter): Name = "Manufacturer_Part_Number"; Value = "KP0115ANBKG03RGBP-3SJB"; VariantName = "[No Variations]"
Add component (AddParameter): Name = "Mouser Part Number"; Value = "633-5ANBKG03RGBP3SJB"; VariantName = "[No Variations]"
Add component (AddParameter): Name = "Mouser Price/Stock"; Value = "https://www.mouser.co.uk/ProductDetail/NKK-Switches/KP0115ANBKG03RGBP-3SJB?qs=u16ybLDytRbS46rqp2jE%2Fg%3D%3D"; VariantName = "[No Variations]"
Added Component: Designator=S5(KP0115ANBKG03RGBP3SJB)
Add component (AddParameter): Name = "Arrow Part Number"; Value = ""; VariantName = "[No Variations]"
Add component (AddParameter): Name = "Arrow Price/Stock"; Value = ""; VariantName = "[No Variations]"
Add component (AddParameter): Name = "Datasheet Link"; Value = "https://www.nkkswitches.com/wp-content/themes/impress-blank/search/inc/parts.php?part_no=KP0115ANBKG03RGBP-3FJB"; VariantName = "[No Variations]"
Add component (AddParameter): Name = "Height"; Value = "23mm"; VariantName = "[No Variations]"
Add component (AddParameter): Name = "Manufacturer_Name"; Value = "NKK Switches"; VariantName = "[No Variations]"
Add component (AddParameter): Name = "Manufacturer_Part_Number"; Value = "KP0115ANBKG03RGBP-3SJB"; VariantName = "[No Variations]"
Add component (AddParameter): Name = "Mouser Part Number"; Value = "633-5ANBKG03RGBP3SJB"; VariantName = "[No Variations]"
Add component (AddParameter): Name = "Mouser Price/Stock"; Value = "https://www.mouser.co.uk/ProductDetail/NKK-Switches/KP0115ANBKG03RGBP-3SJB?qs=u16ybLDytRbS46rqp2jE%2Fg%3D%3D"; VariantName = "[No Variations]"
Added Component: Designator=S6(KP0115ANBKG03RGBP3SJB)
Add component (AddParameter): Name = "Arrow Part Number"; Value = ""; VariantName = "[No Variations]"
Add component (AddParameter): Name = "Arrow Price/Stock"; Value = ""; VariantName = "[No Variations]"
Add component (AddParameter): Name = "Datasheet Link"; Value = "https://www.nkkswitches.com/wp-content/themes/impress-blank/search/inc/parts.php?part_no=KP0115ANBKG03RGBP-3FJB"; VariantName = "[No Variations]"
Add component (AddParameter): Name = "Height"; Value = "23mm"; VariantName = "[No Variations]"
Add component (AddParameter): Name = "Manufacturer_Name"; Value = "NKK Switches"; VariantName = "[No Variations]"
Add component (AddParameter): Name = "Manufacturer_Part_Number"; Value = "KP0115ANBKG03RGBP-3SJB"; VariantName = "[No Variations]"
Add component (AddParameter): Name = "Mouser Part Number"; Value = "633-5ANBKG03RGBP3SJB"; VariantName = "[No Variations]"
Add component (AddParameter): Name = "Mouser Price/Stock"; Value = "https://www.mouser.co.uk/ProductDetail/NKK-Switches/KP0115ANBKG03RGBP-3SJB?qs=u16ybLDytRbS46rqp2jE%2Fg%3D%3D"; VariantName = "[No Variations]"
Added Component: Designator=U5(TI-DAP32-3810X3710TP_N)
Add component (AddParameter): Name = "Code_JEDEC"; Value = "MO-153"; VariantName = "[No Variations]"
Add component (AddParameter): Name = "ComponentLink1Description"; Value = "Manufacturer URL"; VariantName = "[No Variations]"
Add component (AddParameter): Name = "ComponentLink1URL"; Value = "http://www.ti.com/"; VariantName = "[No Variations]"
Add component (AddParameter): Name = "ComponentLink2Description"; Value = "Datasheet"; VariantName = "[No Variations]"
Add component (AddParameter): Name = "ComponentLink2URL"; Value = "http://www.ti.com/general/docs/lit/getliterature.tsp?genericPartNumber=TLC5947&fileType=pdf"; VariantName = "[No Variations]"
Add component (AddParameter): Name = "ComponentLink3Description"; Value = "Package Specification"; VariantName = "[No Variations]"
Add component (AddParameter): Name = "ComponentLink3URL"; Value = "http://www.ti.com/litv/pdf/mpds380"; VariantName = "[No Variations]"
Add component (AddParameter): Name = "DatasheetVersion"; Value = "SBVS114A"; VariantName = "[No Variations]"
Add component (AddParameter): Name = "Eco-Plan"; Value = "Green (RoHS & no Sb/Br)"; VariantName = "[No Variations]"
Add component (AddParameter): Name = "Manufacturer"; Value = "Texas Instruments"; VariantName = "[No Variations]"
Add component (AddParameter): Name = "Mounting Technology"; Value = "Surface Mount"; VariantName = "[No Variations]"
Add component (AddParameter): Name = "PackageDescription"; Value = "32-pin Plastic Small Outline, Body 11 x 6.1 mm, Pitch 0.65 mm"; VariantName = "[No Variations]"
Add component (AddParameter): Name = "PackageReference"; Value = "DAP32-3810X3710TP"; VariantName = "[No Variations]"
Add component (AddParameter): Name = "PackageVersion"; Value = "4073257-4/E"; VariantName = "[No Variations]"
Add component (AddParameter): Name = "PartNumber"; Value = "TLC5947DAPRG4"; VariantName = "[No Variations]"
Add component (AddParameter): Name = "Rating"; Value = "Catalog"; VariantName = "[No Variations]"
Add component (AddParameter): Name = "SubFamily"; Value = "LED Driver"; VariantName = "[No Variations]"
Add component (AddParameter): Name = "Vin(Max)(V)"; Value = "5.5"; VariantName = "[No Variations]"
Add component (AddParameter): Name = "Vin(Min)(V)"; Value = "3"; VariantName = "[No Variations]"
Added Component: Designator=U6(FP-PW0016A-MFG)
Add component (AddParameter): Name = "Ambient Temperature Range High"; Value = "+85°C"; VariantName = "[No Variations]"
Add component (AddParameter): Name = "Ambient Temperature Range Low"; Value = "-40°C"; VariantName = "[No Variations]"
Add component (AddParameter): Name = "Automotive"; Value = "No"; VariantName = "[No Variations]"
Add component (AddParameter): Name = "Category"; Value = "IC"; VariantName = "[No Variations]"
Add component (AddParameter): Name = "ComponentLink2Description"; Value = "Datasheet"; VariantName = "[No Variations]"
Add component (AddParameter): Name = "ComponentLink2URL"; Value = "http://www.ti.com/lit/ds/symlink/tca9534a.pdf"; VariantName = "[No Variations]"
Add component (AddParameter): Name = "Device Class L1"; Value = "Integrated Circuits (ICs)"; VariantName = "[No Variations]"
Add component (AddParameter): Name = "Device Class L2"; Value = "Interface ICs"; VariantName = "[No Variations]"
Add component (AddParameter): Name = "Device Class L3"; Value = "I/O Expanders"; VariantName = "[No Variations]"
Add component (AddParameter): Name = "Digikey Description"; Value = "IC I/O EXPANDER I2C 8B 16TSSOP"; VariantName = "[No Variations]"
Add component (AddParameter): Name = "Frequency"; Value = "400kHz"; VariantName = "[No Variations]"
Add component (AddParameter): Name = "Height"; Value = "1.2mm"; VariantName = "[No Variations]"
Add component (AddParameter): Name = "Interface"; Value = "I2C,SMBus"; VariantName = "[No Variations]"
Add component (AddParameter): Name = "Lead Free"; Value = "Yes"; VariantName = "[No Variations]"
Add component (AddParameter): Name = "Manufacturer"; Value = "Texas Instruments"; VariantName = "[No Variations]"
Add component (AddParameter): Name = "Manufacturer Part Number"; Value = "TCA9534APWR"; VariantName = "[No Variations]"
Add component (AddParameter): Name = "Max Junction Temp"; Value = "100°C"; VariantName = "[No Variations]"
Add component (AddParameter): Name = "Max Supply Voltage"; Value = "5.5V"; VariantName = "[No Variations]"
Add component (AddParameter): Name = "Min Supply Voltage"; Value = "1.65V"; VariantName = "[No Variations]"
Add component (AddParameter): Name = "Nominal Supply Current"; Value = "5-22uA"; VariantName = "[No Variations]"
Add component (AddParameter): Name = "Number Of I/Os"; Value = "8"; VariantName = "[No Variations]"
Add component (AddParameter): Name = "Octopart"; Value = "https://octopart.com/tca9534apwr-texas+instruments-50333529"; VariantName = "[No Variations]"
Add component (AddParameter): Name = "Package"; Value = "PW0016A"; VariantName = "[No Variations]"
Add component (AddParameter): Name = "RoHS"; Value = "TRUE"; VariantName = "[No Variations]"
Add component (AddParameter): Name = "Standoff Height"; Value = "0.05mm"; VariantName = "[No Variations]"
Add component (AddParameter): Name = "Temperature"; Value = "-40°C to +85°C"; VariantName = "[No Variations]"
Add component (AddParameter): Name = "Temperature Range High"; Value = "+85°C"; VariantName = "[No Variations]"
Add component (AddParameter): Name = "Temperature Range Low"; Value = "-40°C"; VariantName = "[No Variations]"
Added Pin To Net: NetName=BTN_INOUT Pin=D3-2
Added Pin To Net: NetName=BTN_INOUT Pin=R47-2
Added Pin To Net: NetName=BTN_INOUT Pin=S6-1
Added Pin To Net: NetName=BTN_INOUT Pin=U6-10
Added Net: Name=BTN_INOUT
Added Pin To Net: NetName=BTN_MULTI_WAKE Pin=D1-3
Added Pin To Net: NetName=BTN_MULTI_WAKE Pin=D2-3
Added Pin To Net: NetName=BTN_MULTI_WAKE Pin=D3-3
Added Pin To Net: NetName=BTN_MULTI_WAKE Pin=J5-13
Added Net: Name=BTN_MULTI_WAKE
Added Pin To Net: NetName=BTN_SHARED Pin=D3-1
Added Pin To Net: NetName=BTN_SHARED Pin=R46-2
Added Pin To Net: NetName=BTN_SHARED Pin=S5-1
Added Pin To Net: NetName=BTN_SHARED Pin=U6-9
Added Net: Name=BTN_SHARED
Added Pin To Net: NetName=BTN_U1 Pin=D1-1
Added Pin To Net: NetName=BTN_U1 Pin=R41-2
Added Pin To Net: NetName=BTN_U1 Pin=S1-1
Added Pin To Net: NetName=BTN_U1 Pin=U6-4
Added Net: Name=BTN_U1
Added Pin To Net: NetName=BTN_U2 Pin=D1-2
Added Pin To Net: NetName=BTN_U2 Pin=R43-2
Added Pin To Net: NetName=BTN_U2 Pin=S2-1
Added Pin To Net: NetName=BTN_U2 Pin=U6-5
Added Net: Name=BTN_U2
Added Pin To Net: NetName=BTN_U3 Pin=D2-1
Added Pin To Net: NetName=BTN_U3 Pin=R44-2
Added Pin To Net: NetName=BTN_U3 Pin=S3-1
Added Pin To Net: NetName=BTN_U3 Pin=U6-6
Added Net: Name=BTN_U3
Added Pin To Net: NetName=BTN_U4 Pin=D2-2
Added Pin To Net: NetName=BTN_U4 Pin=R45-2
Added Pin To Net: NetName=BTN_U4 Pin=S4-1
Added Pin To Net: NetName=BTN_U4 Pin=U6-7
Added Net: Name=BTN_U4
Added Pin To Net: NetName=GND Pin=C30-1
Added Pin To Net: NetName=GND Pin=C31-1
Added Pin To Net: NetName=GND Pin=C32-2
Added Pin To Net: NetName=GND Pin=C33-2
Added Pin To Net: NetName=GND Pin=C34-1
Added Pin To Net: NetName=GND Pin=C35-2
Added Pin To Net: NetName=GND Pin=J5-4
Added Pin To Net: NetName=GND Pin=J5-5
Added Pin To Net: NetName=GND Pin=R42-1
Added Pin To Net: NetName=GND Pin=S1-A1
Added Pin To Net: NetName=GND Pin=S2-A1
Added Pin To Net: NetName=GND Pin=S3-A1
Added Pin To Net: NetName=GND Pin=S4-A1
Added Pin To Net: NetName=GND Pin=S5-A1
Added Pin To Net: NetName=GND Pin=S6-A1
Added Pin To Net: NetName=GND Pin=U5-1
Added Pin To Net: NetName=GND Pin=U5-33
Added Pin To Net: NetName=GND Pin=U6-1
Added Pin To Net: NetName=GND Pin=U6-2
Added Pin To Net: NetName=GND Pin=U6-3
Added Pin To Net: NetName=GND Pin=U6-8
Added Net: Name=GND
Added Pin To Net: NetName=HMI_INT Pin=J5-8
Added Pin To Net: NetName=HMI_INT Pin=U6-13
Added Net: Name=HMI_INT
Added Pin To Net: NetName=I2C_SCL Pin=J5-6
Added Pin To Net: NetName=I2C_SCL Pin=U6-14
Added Net: Name=I2C_SCL
Added Pin To Net: NetName=I2C_SDA Pin=J5-7
Added Pin To Net: NetName=I2C_SDA Pin=U6-15
Added Net: Name=I2C_SDA
Added Pin To Net: NetName=LED_BLANK_HMI Pin=J5-12
Added Pin To Net: NetName=LED_BLANK_HMI Pin=U5-2
Added Net: Name=LED_BLANK_HMI
Added Pin To Net: NetName=LED_LAT_HMI Pin=J5-11
Added Pin To Net: NetName=LED_LAT_HMI Pin=U5-30
Added Net: Name=LED_LAT_HMI
Added Pin To Net: NetName=LED_SCLK_HMI Pin=J5-10
Added Pin To Net: NetName=LED_SCLK_HMI Pin=U5-3
Added Net: Name=LED_SCLK_HMI
Added Pin To Net: NetName=LED_SIN_HMI Pin=J5-9
Added Pin To Net: NetName=LED_SIN_HMI Pin=U5-4
Added Net: Name=LED_SIN_HMI
Added Pin To Net: NetName=NetR42_2 Pin=R42-2
Added Pin To Net: NetName=NetR42_2 Pin=U5-31
Added Net: Name=NetR42_2
Added Pin To Net: NetName=SW1B Pin=S1-3
Added Pin To Net: NetName=SW1B Pin=U5-7
Added Net: Name=SW1B
Added Pin To Net: NetName=SW1G Pin=S1-5
Added Pin To Net: NetName=SW1G Pin=U5-6
Added Net: Name=SW1G
Added Pin To Net: NetName=SW1R Pin=S1-4
Added Pin To Net: NetName=SW1R Pin=U5-5
Added Net: Name=SW1R
Added Pin To Net: NetName=SW2B Pin=S2-3
Added Pin To Net: NetName=SW2B Pin=U5-10
Added Net: Name=SW2B
Added Pin To Net: NetName=SW2G Pin=S2-5
Added Pin To Net: NetName=SW2G Pin=U5-9
Added Net: Name=SW2G
Added Pin To Net: NetName=SW2R Pin=S2-4
Added Pin To Net: NetName=SW2R Pin=U5-8
Added Net: Name=SW2R
Added Pin To Net: NetName=SW3B Pin=S3-3
Added Pin To Net: NetName=SW3B Pin=U5-13
Added Net: Name=SW3B
Added Pin To Net: NetName=SW3G Pin=S3-5
Added Pin To Net: NetName=SW3G Pin=U5-12
Added Net: Name=SW3G
Added Pin To Net: NetName=SW3R Pin=S3-4
Added Pin To Net: NetName=SW3R Pin=U5-11
Added Net: Name=SW3R
Added Pin To Net: NetName=SW4B Pin=S4-3
Added Pin To Net: NetName=SW4B Pin=U5-16
Added Net: Name=SW4B
Added Pin To Net: NetName=SW4G Pin=S4-5
Added Pin To Net: NetName=SW4G Pin=U5-15
Added Net: Name=SW4G
Added Pin To Net: NetName=SW4R Pin=S4-4
Added Pin To Net: NetName=SW4R Pin=U5-14
Added Net: Name=SW4R
Added Pin To Net: NetName=SW5B Pin=S5-3
Added Pin To Net: NetName=SW5B Pin=U5-19
Added Net: Name=SW5B
Added Pin To Net: NetName=SW5G Pin=S5-5
Added Pin To Net: NetName=SW5G Pin=U5-18
Added Net: Name=SW5G
Added Pin To Net: NetName=SW5R Pin=S5-4
Added Pin To Net: NetName=SW5R Pin=U5-17
Added Net: Name=SW5R
Added Pin To Net: NetName=SW6B Pin=S6-3
Added Pin To Net: NetName=SW6B Pin=U5-22
Added Net: Name=SW6B
Added Pin To Net: NetName=SW6G Pin=S6-5
Added Pin To Net: NetName=SW6G Pin=U5-21
Added Net: Name=SW6G
Added Pin To Net: NetName=SW6R Pin=S6-4
Added Pin To Net: NetName=SW6R Pin=U5-20
Added Net: Name=SW6R
Added Pin To Net: NetName=SYS_3V3 Pin=C30-2
Added Pin To Net: NetName=SYS_3V3 Pin=C31-2
Added Pin To Net: NetName=SYS_3V3 Pin=C32-1
Added Pin To Net: NetName=SYS_3V3 Pin=C33-1
Added Pin To Net: NetName=SYS_3V3 Pin=J5-3
Added Pin To Net: NetName=SYS_3V3 Pin=R41-1
Added Pin To Net: NetName=SYS_3V3 Pin=R43-1
Added Pin To Net: NetName=SYS_3V3 Pin=R44-1
Added Pin To Net: NetName=SYS_3V3 Pin=R45-1
Added Pin To Net: NetName=SYS_3V3 Pin=R46-1
Added Pin To Net: NetName=SYS_3V3 Pin=R47-1
Added Pin To Net: NetName=SYS_3V3 Pin=U5-32
Added Pin To Net: NetName=SYS_3V3 Pin=U6-16
Added Net: Name=SYS_3V3
Added Pin To Net: NetName=VLED_5V Pin=C34-2
Added Pin To Net: NetName=VLED_5V Pin=C35-1
Added Pin To Net: NetName=VLED_5V Pin=J5-1
Added Pin To Net: NetName=VLED_5V Pin=J5-2
Added Pin To Net: NetName=VLED_5V Pin=S1-2
Added Pin To Net: NetName=VLED_5V Pin=S2-2
Added Pin To Net: NetName=VLED_5V Pin=S3-2
Added Pin To Net: NetName=VLED_5V Pin=S4-2
Added Pin To Net: NetName=VLED_5V Pin=S5-2
Added Pin To Net: NetName=VLED_5V Pin=S6-2
Added Net: Name=VLED_5V
Added Class: Name=UI_Schematic
Added Rule: Name=Schematic Supply Nets
